OpenSTA 3.1.0 396536743f Copyright (c) 2026, Parallax Software, Inc.
License GPLv3: GNU GPL version 3 <http://gnu.org/licenses/gpl.html>

This is free software, and you are free to change and redistribute it
under certain conditions; type `show_copying' for details. 
This program comes with ABSOLUTELY NO WARRANTY; for details type `show_warranty'.
 time 1ns
 capacitance 1pF
 resistance 1kohm
 voltage 1v
 current 1mA
 power 1nW
 distance 1um
Startpoint: cores[0].core/_09567_
            (rising edge-triggered flip-flop clocked by clk)
Endpoint: cores[0].core/_10629_ (rising edge-triggered flip-flop clocked by clk)
Path Group: clk
Path Type: max

      Delay        Time   Description
-----------------------------------------------------------------
   0.000000    0.000000   clock clk (rise edge)
   0.000000    0.000000   clock network delay (ideal)
   0.000000    0.000000 ^ cores[0].core/_09567_/CLK (sky130_fd_sc_hd__dfxtp_1)
   6.370573    6.370573 ^ cores[0].core/_09567_/Q (sky130_fd_sc_hd__dfxtp_1)
   2.978311    9.348884 v cores[0].core/_04763_/Y (sky130_fd_sc_hd__clkinv_1)
   0.656950   10.005834 ^ cores[0].core/_07560_/Y (sky130_fd_sc_hd__o21ai_0)
   0.005254   10.011087 v cores[0].core/_07561_/Y (sky130_fd_sc_hd__o22ai_1)
   0.325857   10.336944 v cores[0].core/_07565_/X (sky130_fd_sc_hd__mux4_2)
   0.130157   10.467101 ^ cores[0].core/_07573_/Y (sky130_fd_sc_hd__o211ai_1)
   0.090175   10.557276 ^ cores[0].core/_07589_/Y (sky130_fd_sc_hd__nor2b_1)
   0.038944   10.596220 v cores[0].core/_07591_/Y (sky130_fd_sc_hd__o32ai_1)
   0.000000   10.596220 v cores[0].core/_10629_/D (sky130_fd_sc_hd__edfxtp_1)
              10.596220   data arrival time

  10.000000   10.000000   clock clk (rise edge)
   0.000000   10.000000   clock network delay (ideal)
   0.000000   10.000000   clock reconvergence pessimism
              10.000000 ^ cores[0].core/_10629_/CLK (sky130_fd_sc_hd__edfxtp_1)
  -0.176109    9.823892   library setup time
               9.823892   data required time
-----------------------------------------------------------------
               9.823892   data required time
             -10.596220   data arrival time
-----------------------------------------------------------------
              -0.772329   slack (VIOLATED)


worst slack max -0.772329
EDA_LAB_REPORT_END
