-- The CXX compiler identification is AppleClang 21.0.0.21000334
-- Detecting CXX compiler ABI info
-- Detecting CXX compiler ABI info - done
-- Check for working CXX compiler: /usr/bin/c++ - skipped
-- Detecting CXX compile features
-- Detecting CXX compile features - done
-- STA version: 3.1.0
-- STA git sha: 396536743ff33852cd8af176988f077219bc8b8d
-- System name: Darwin
-- Compiler: AppleClang 21.0.0.21000334
-- Build type: RELEASE
-- Build CXX_FLAGS: -O3 -DNDEBUG
-- Install prefix: /usr/local
-- IPO/LTO: enabled for Release builds
-- Found FLEX: /opt/homebrew/opt/flex/bin/flex (found version "2.6.4")
-- Found BISON: /opt/homebrew/opt/bison/bin/bison (found version "3.8.2")
-- TCL library: /opt/homebrew/opt/tcl-tk@8/lib/libtcl8.6.dylib
-- TCL header: /opt/homebrew/opt/tcl-tk@8/include/tcl-tk/tcl.h
-- TCL readline library: NOT FOUND
-- TCL readline header: NOT FOUND
-- Found ZLIB: /Library/Developer/CommandLineTools/SDKs/MacOSX.sdk/usr/lib/libz.tbd (found version "1.2.12")
-- Performing Test CMAKE_HAVE_LIBC_PTHREAD
-- Performing Test CMAKE_HAVE_LIBC_PTHREAD - Success
-- Found Threads: TRUE
-- Performing Test HAVE_CXX_STD_FORMAT
-- Performing Test HAVE_CXX_STD_FORMAT - Success
-- std::format: available
-- CUDD library: /tmp/eda-cudd-20260924/cudd/.libs/libcudd.a
-- CUDD header: /tmp/eda-cudd-20260924/cudd/cudd.h
-- Found SWIG: /opt/homebrew/bin/swig (found suitable version "4.5.1", minimum required is "3.0")
-- SWIG version: 4.5.1
-- STA library: /tmp/eda-opensta-20260924/build/libOpenSTA.a
-- STA executable: /tmp/eda-opensta-20260924/build/sta
-- Configuring done (3.4s)
CMake Error: The following variables are used in this project, but they are set to NOTFOUND.
Please set them or make sure they are set and tested correctly in the CMake files:
/tmp/eda-opensta-20260924/FLEX_INCLUDE_DIR
   used as include directory in directory /tmp/eda-opensta-20260924

-- Generating done (0.0s)
CMake Generate step failed.  Build files cannot be regenerated correctly.


Command exited with code 1