-- STA version: 3.1.0
-- STA git sha: 396536743ff33852cd8af176988f077219bc8b8d
-- System name: Darwin
-- Compiler: AppleClang 21.0.0.21000334
-- Build type: RELEASE
-- Build CXX_FLAGS: -O3 -DNDEBUG
-- Install prefix: /usr/local
-- IPO/LTO: enabled for Release builds
-- TCL library: /opt/homebrew/opt/tcl-tk@8/lib/libtcl8.6.dylib
-- TCL header: /opt/homebrew/opt/tcl-tk@8/include/tcl-tk/tcl.h
-- TCL readline library: NOT FOUND
-- TCL readline header: NOT FOUND
-- std::format: available
-- CUDD library: /tmp/eda-cudd-20260924/cudd/.libs/libcudd.a
-- CUDD header: /tmp/eda-cudd-20260924/cudd/cudd.h
-- SWIG version: 4.5.1
-- STA library: /tmp/eda-opensta-20260924/build/libOpenSTA.a
-- STA executable: /tmp/eda-opensta-20260924/build/sta
-- Configuring done (0.5s)
-- Generating done (0.0s)
-- Build files have been written to: /tmp/eda-opensta-20260924/build
[  0%] [FLEX][LibExprLex] Building scanner with flex 2.6.4
[  0%] [BISON][VerilogParse] Building parser with bison 3.8.2
[  1%] [BISON][LibExprParse] Building parser with bison 3.8.2
[  2%] Swig compile app/StaApp.i for tcl
[  2%] [FLEX][LibertyLex] Building scanner with flex 2.6.4
[  3%] [BISON][LibertyParse] Building parser with bison 3.8.2
[  3%] Built target sta_swig_swig_compilation
[  4%] [FLEX][SaifLex] Building scanner with flex 2.6.4
[  4%] [BISON][SaifParse] Building parser with bison 3.8.2
[  5%] [FLEX][SdfLex] Building scanner with flex 2.6.4
[  6%] [BISON][SdfParse] Building parser with bison 3.8.2
[  6%] [FLEX][SpefLex] Building scanner with flex 2.6.4
[  7%] [BISON][SpefParse] Building parser with bison 3.8.2
[  7%] Generating StaTclInitVar.cc
[  8%] [FLEX][VerilogLex] Building scanner with flex 2.6.4
[  8%] Building CXX object CMakeFiles/OpenSTA.dir/dcalc/ArcDelayCalc.cc.o
[  9%] Building CXX object CMakeFiles/OpenSTA.dir/app/StaMain.cc.o
[  9%] Building CXX object CMakeFiles/OpenSTA.dir/dcalc/ArnoldiDelayCalc.cc.o
[ 10%] Building CXX object CMakeFiles/OpenSTA.dir/dcalc/ArcDcalcWaveforms.cc.o
[ 11%] Building CXX object CMakeFiles/OpenSTA.dir/dcalc/ArnoldiReduce.cc.o
[ 11%] Building CXX object CMakeFiles/OpenSTA.dir/dcalc/CcsCeffDelayCalc.cc.o
[ 12%] Building CXX object CMakeFiles/OpenSTA.dir/dcalc/Delay.cc.o
[ 12%] Building CXX object CMakeFiles/OpenSTA.dir/dcalc/DelayCalc.cc.o
[ 13%] Building CXX object CMakeFiles/OpenSTA.dir/dcalc/DelayCalcBase.cc.o
[ 13%] Building CXX object CMakeFiles/OpenSTA.dir/dcalc/DelayNormal.cc.o
[ 14%] Building CXX object CMakeFiles/OpenSTA.dir/dcalc/DelayScalar.cc.o
[ 14%] Building CXX object CMakeFiles/OpenSTA.dir/dcalc/DelaySkewNormal.cc.o
[ 15%] Building CXX object CMakeFiles/OpenSTA.dir/dcalc/DmpCeff.cc.o
[ 16%] Building CXX object CMakeFiles/OpenSTA.dir/dcalc/DmpDelayCalc.cc.o
[ 16%] Building CXX object CMakeFiles/OpenSTA.dir/dcalc/FindRoot.cc.o
[ 17%] Building CXX object CMakeFiles/OpenSTA.dir/dcalc/GraphDelayCalc.cc.o
[ 17%] Building CXX object CMakeFiles/OpenSTA.dir/dcalc/LumpedCapDelayCalc.cc.o
[ 18%] Building CXX object CMakeFiles/OpenSTA.dir/dcalc/NetCaps.cc.o
[ 18%] Building CXX object CMakeFiles/OpenSTA.dir/dcalc/ParallelDelayCalc.cc.o
[ 19%] Building CXX object CMakeFiles/OpenSTA.dir/dcalc/PrimaDelayCalc.cc.o
[ 19%] Building CXX object CMakeFiles/OpenSTA.dir/dcalc/UnitDelayCalc.cc.o
[ 20%] Building CXX object CMakeFiles/OpenSTA.dir/graph/Graph.cc.o
[ 21%] Building CXX object CMakeFiles/OpenSTA.dir/graph/GraphCmp.cc.o
[ 21%] Building CXX object CMakeFiles/OpenSTA.dir/liberty/EquivCells.cc.o
[ 22%] Building CXX object CMakeFiles/OpenSTA.dir/liberty/FuncExpr.cc.o
[ 22%] Building CXX object CMakeFiles/OpenSTA.dir/liberty/InternalPower.cc.o
[ 23%] Building CXX object CMakeFiles/OpenSTA.dir/liberty/LeakagePower.cc.o
[ 23%] Building CXX object CMakeFiles/OpenSTA.dir/liberty/Liberty.cc.o
[ 24%] Building CXX object CMakeFiles/OpenSTA.dir/liberty/LibertyBuilder.cc.o
[ 25%] Building CXX object CMakeFiles/OpenSTA.dir/liberty/LibExprReader.cc.o
[ 25%] Building CXX object CMakeFiles/OpenSTA.dir/liberty/LibertyParser.cc.o
[ 26%] Building CXX object CMakeFiles/OpenSTA.dir/liberty/LibertyReader.cc.o
[ 26%] Building CXX object CMakeFiles/OpenSTA.dir/liberty/LibertyWriter.cc.o
[ 27%] Building CXX object CMakeFiles/OpenSTA.dir/liberty/LinearModel.cc.o
[ 27%] Building CXX object CMakeFiles/OpenSTA.dir/liberty/Sequential.cc.o
[ 28%] Building CXX object CMakeFiles/OpenSTA.dir/liberty/TableModel.cc.o
[ 28%] Building CXX object CMakeFiles/OpenSTA.dir/liberty/TimingArc.cc.o
[ 29%] Building CXX object CMakeFiles/OpenSTA.dir/liberty/TimingModel.cc.o
[ 30%] Building CXX object CMakeFiles/OpenSTA.dir/liberty/TimingRole.cc.o
[ 30%] Building CXX object CMakeFiles/OpenSTA.dir/liberty/Units.cc.o
[ 31%] Building CXX object CMakeFiles/OpenSTA.dir/liberty/Wireload.cc.o
[ 31%] Building CXX object CMakeFiles/OpenSTA.dir/network/ConcreteLibrary.cc.o
[ 32%] Building CXX object CMakeFiles/OpenSTA.dir/network/ConcreteNetwork.cc.o
[ 32%] Building CXX object CMakeFiles/OpenSTA.dir/network/HpinDrvrLoad.cc.o
[ 33%] Building CXX object CMakeFiles/OpenSTA.dir/network/Network.cc.o
[ 33%] Building CXX object CMakeFiles/OpenSTA.dir/network/NetworkCmp.cc.o
[ 34%] Building CXX object CMakeFiles/OpenSTA.dir/network/ParseBus.cc.o
[ 35%] Building CXX object CMakeFiles/OpenSTA.dir/network/PortDirection.cc.o
[ 35%] Building CXX object CMakeFiles/OpenSTA.dir/network/SdcNetwork.cc.o
[ 36%] Building CXX object CMakeFiles/OpenSTA.dir/network/VerilogNamespace.cc.o
[ 36%] Building CXX object CMakeFiles/OpenSTA.dir/parasitics/ConcreteParasitics.cc.o
[ 37%] Building CXX object CMakeFiles/OpenSTA.dir/parasitics/EstimateParasitics.cc.o
[ 37%] Building CXX object CMakeFiles/OpenSTA.dir/parasitics/Parasitics.cc.o
[ 38%] Building CXX object CMakeFiles/OpenSTA.dir/parasitics/ReduceParasitics.cc.o
[ 38%] Building CXX object CMakeFiles/OpenSTA.dir/parasitics/ReportParasiticAnnotation.cc.o
[ 39%] Building CXX object CMakeFiles/OpenSTA.dir/parasitics/SpefNamespace.cc.o
[ 40%] Building CXX object CMakeFiles/OpenSTA.dir/parasitics/SpefReader.cc.o
[ 40%] Building CXX object CMakeFiles/OpenSTA.dir/power/Power.cc.o
[ 41%] Building CXX object CMakeFiles/OpenSTA.dir/power/ReportPower.cc.o
[ 41%] Building CXX object CMakeFiles/OpenSTA.dir/power/VcdReader.cc.o
[ 42%] Building CXX object CMakeFiles/OpenSTA.dir/power/SaifReader.cc.o
[ 42%] Building CXX object CMakeFiles/OpenSTA.dir/power/VcdParse.cc.o
[ 43%] Building CXX object CMakeFiles/OpenSTA.dir/sdc/Clock.cc.o
[ 44%] Building CXX object CMakeFiles/OpenSTA.dir/sdc/ClockGatingCheck.cc.o
[ 44%] Building CXX object CMakeFiles/OpenSTA.dir/sdc/ClockGroups.cc.o
[ 45%] Building CXX object CMakeFiles/OpenSTA.dir/sdc/ClockInsertion.cc.o
[ 45%] Building CXX object CMakeFiles/OpenSTA.dir/sdc/ClockLatency.cc.o
[ 46%] Building CXX object CMakeFiles/OpenSTA.dir/sdc/CycleAccting.cc.o
[ 46%] Building CXX object CMakeFiles/OpenSTA.dir/sdc/DataCheck.cc.o
[ 47%] Building CXX object CMakeFiles/OpenSTA.dir/sdc/DeratingFactors.cc.o
[ 47%] Building CXX object CMakeFiles/OpenSTA.dir/sdc/DisabledPorts.cc.o
[ 48%] Building CXX object CMakeFiles/OpenSTA.dir/sdc/ExceptionPath.cc.o
[ 49%] Building CXX object CMakeFiles/OpenSTA.dir/sdc/FilterObjects.cc.o
[ 49%] Building CXX object CMakeFiles/OpenSTA.dir/sdc/InputDrive.cc.o
[ 50%] Building CXX object CMakeFiles/OpenSTA.dir/sdc/PinPair.cc.o
[ 50%] Building CXX object CMakeFiles/OpenSTA.dir/sdc/PortDelay.cc.o
[ 51%] Building CXX object CMakeFiles/OpenSTA.dir/sdc/PortExtCap.cc.o
[ 51%] Building CXX object CMakeFiles/OpenSTA.dir/sdc/Sdc.cc.o
[ 52%] Building CXX object CMakeFiles/OpenSTA.dir/sdc/SdcCmdComment.cc.o
[ 52%] Building CXX object CMakeFiles/OpenSTA.dir/sdc/Variables.cc.o
[ 53%] Building CXX object CMakeFiles/OpenSTA.dir/sdc/WriteSdc.cc.o
[ 54%] Building CXX object CMakeFiles/OpenSTA.dir/sdf/ReportAnnotation.cc.o
[ 54%] Building CXX object CMakeFiles/OpenSTA.dir/sdf/SdfReader.cc.o
[ 55%] Building CXX object CMakeFiles/OpenSTA.dir/sdf/SdfWriter.cc.o
[ 55%] Building CXX object CMakeFiles/OpenSTA.dir/search/Bdd.cc.o
[ 56%] Building CXX object CMakeFiles/OpenSTA.dir/search/Bfs.cc.o
[ 56%] Building CXX object CMakeFiles/OpenSTA.dir/search/CheckMaxSkews.cc.o
[ 57%] Building CXX object CMakeFiles/OpenSTA.dir/search/CheckMinPeriods.cc.o
[ 57%] Building CXX object CMakeFiles/OpenSTA.dir/search/CheckMinPulseWidths.cc.o
[ 58%] Building CXX object CMakeFiles/OpenSTA.dir/search/CheckCapacitances.cc.o
[ 59%] Building CXX object CMakeFiles/OpenSTA.dir/search/CheckFanouts.cc.o
[ 59%] Building CXX object CMakeFiles/OpenSTA.dir/search/CheckSlews.cc.o
[ 60%] Building CXX object CMakeFiles/OpenSTA.dir/search/CheckTiming.cc.o
[ 60%] Building CXX object CMakeFiles/OpenSTA.dir/search/ClkInfo.cc.o
[ 61%] Building CXX object CMakeFiles/OpenSTA.dir/search/ClkLatency.cc.o
[ 61%] Building CXX object CMakeFiles/OpenSTA.dir/search/ClkNetwork.cc.o
[ 62%] Building CXX object CMakeFiles/OpenSTA.dir/search/ClkSkew.cc.o
[ 63%] Building CXX object CMakeFiles/OpenSTA.dir/search/Crpr.cc.o
[ 63%] Building CXX object CMakeFiles/OpenSTA.dir/search/FindRegister.cc.o
[ 64%] Building CXX object CMakeFiles/OpenSTA.dir/search/GatedClk.cc.o
[ 64%] Building CXX object CMakeFiles/OpenSTA.dir/search/Genclks.cc.o
[ 65%] Building CXX object CMakeFiles/OpenSTA.dir/search/Latches.cc.o
[ 65%] Building CXX object CMakeFiles/OpenSTA.dir/search/Levelize.cc.o
[ 66%] Building CXX object CMakeFiles/OpenSTA.dir/search/MakeTimingModel.cc.o
[ 66%] Building CXX object CMakeFiles/OpenSTA.dir/search/Mode.cc.o
[ 67%] Building CXX object CMakeFiles/OpenSTA.dir/search/Path.cc.o
[ 68%] Building CXX object CMakeFiles/OpenSTA.dir/search/PathEnd.cc.o
[ 68%] Building CXX object CMakeFiles/OpenSTA.dir/search/PathEnum.cc.o
[ 69%] Building CXX object CMakeFiles/OpenSTA.dir/search/PathExpanded.cc.o
[ 69%] Building CXX object CMakeFiles/OpenSTA.dir/search/PathGroup.cc.o
[ 70%] Building CXX object CMakeFiles/OpenSTA.dir/search/PocvMode.cc.o
[ 70%] Building CXX object CMakeFiles/OpenSTA.dir/search/Property.cc.o
[ 71%] Building CXX object CMakeFiles/OpenSTA.dir/search/ReportPath.cc.o
[ 71%] Building CXX object CMakeFiles/OpenSTA.dir/search/Search.cc.o
[ 72%] Building CXX object CMakeFiles/OpenSTA.dir/search/SearchPred.cc.o
[ 73%] Building CXX object CMakeFiles/OpenSTA.dir/search/Scene.cc.o
[ 73%] Building CXX object CMakeFiles/OpenSTA.dir/search/Sim.cc.o
[ 74%] Building CXX object CMakeFiles/OpenSTA.dir/search/Sta.cc.o
[ 74%] Building CXX object CMakeFiles/OpenSTA.dir/search/StaState.cc.o
[ 75%] Building CXX object CMakeFiles/OpenSTA.dir/search/Tag.cc.o
[ 75%] Building CXX object CMakeFiles/OpenSTA.dir/search/TagGroup.cc.o
[ 76%] Building CXX object CMakeFiles/OpenSTA.dir/search/VertexVisitor.cc.o
[ 76%] Building CXX object CMakeFiles/OpenSTA.dir/search/VisitPathEnds.cc.o
[ 77%] Building CXX object CMakeFiles/OpenSTA.dir/search/WorstSlack.cc.o
[ 78%] Building CXX object CMakeFiles/OpenSTA.dir/spice/WritePathSpice.cc.o
[ 78%] Building CXX object CMakeFiles/OpenSTA.dir/spice/WriteSpice.cc.o
[ 79%] Building CXX object CMakeFiles/OpenSTA.dir/spice/Xyce.cc.o
[ 79%] Building CXX object CMakeFiles/OpenSTA.dir/tcl/TclTypeHelpers.cc.o
[ 80%] Building CXX object CMakeFiles/OpenSTA.dir/util/Debug.cc.o
[ 80%] Building CXX object CMakeFiles/OpenSTA.dir/util/DispatchQueue.cc.o
[ 81%] Building CXX object CMakeFiles/OpenSTA.dir/util/Error.cc.o
[ 82%] Building CXX object CMakeFiles/OpenSTA.dir/util/Fuzzy.cc.o
[ 82%] Building CXX object CMakeFiles/OpenSTA.dir/util/Hash.cc.o
[ 83%] Building CXX object CMakeFiles/OpenSTA.dir/util/MinMax.cc.o
[ 83%] Building CXX object CMakeFiles/OpenSTA.dir/util/PatternMatch.cc.o
[ 84%] Building CXX object CMakeFiles/OpenSTA.dir/util/Report.cc.o
[ 84%] Building CXX object CMakeFiles/OpenSTA.dir/util/ReportStd.cc.o
[ 85%] Building CXX object CMakeFiles/OpenSTA.dir/util/ReportTcl.cc.o
[ 85%] Building CXX object CMakeFiles/OpenSTA.dir/util/RiseFallMinMax.cc.o
[ 86%] Building CXX object CMakeFiles/OpenSTA.dir/util/RiseFallMinMaxDelay.cc.o
[ 87%] Building CXX object CMakeFiles/OpenSTA.dir/util/RiseFallValues.cc.o
[ 87%] Building CXX object CMakeFiles/OpenSTA.dir/util/Stats.cc.o
[ 88%] Building CXX object CMakeFiles/OpenSTA.dir/util/StringUtil.cc.o
[ 88%] Building CXX object CMakeFiles/OpenSTA.dir/util/Transition.cc.o
[ 89%] Building CXX object CMakeFiles/OpenSTA.dir/verilog/VerilogReader.cc.o
[ 89%] Building CXX object CMakeFiles/OpenSTA.dir/verilog/VerilogWriter.cc.o
[ 90%] Building CXX object CMakeFiles/OpenSTA.dir/util/MachineApple.cc.o
[ 90%] Building CXX object CMakeFiles/OpenSTA.dir/StaTclInitVar.cc.o
[ 91%] Building CXX object CMakeFiles/OpenSTA.dir/LibExprLex.cc.o
[ 92%] Building CXX object CMakeFiles/OpenSTA.dir/LibExprParse.cc.o
[ 92%] Building CXX object CMakeFiles/OpenSTA.dir/LibertyLex.cc.o
[ 93%] Building CXX object CMakeFiles/OpenSTA.dir/LibertyParse.cc.o
[ 93%] Building CXX object CMakeFiles/OpenSTA.dir/SpefLex.cc.o
[ 94%] Building CXX object CMakeFiles/OpenSTA.dir/SpefParse.cc.o
[ 94%] Building CXX object CMakeFiles/OpenSTA.dir/SdfLex.cc.o
[ 95%] Building CXX object CMakeFiles/OpenSTA.dir/SdfParse.cc.o
[ 95%] Building CXX object CMakeFiles/OpenSTA.dir/VerilogLex.cc.o
[ 96%] Building CXX object CMakeFiles/OpenSTA.dir/VerilogParse.cc.o
[ 97%] Building CXX object CMakeFiles/OpenSTA.dir/SaifLex.cc.o
[ 97%] Building CXX object CMakeFiles/OpenSTA.dir/SaifParse.cc.o
[ 98%] Linking CXX static library libOpenSTA.a
[ 98%] Built target OpenSTA
[ 98%] Building CXX object CMakeFiles/sta_swig.dir/CMakeFiles/sta_swig.dir/StaAppTCL_wrap.cxx.o


Command timed out after 60 seconds