OpenSTA 3.1.0 396536743f Copyright (c) 2026, Parallax Software, Inc.
License GPLv3: GNU GPL version 3 <http://gnu.org/licenses/gpl.html>

This is free software, and you are free to change and redistribute it
under certain conditions; type `show_copying' for details. 
This program comes with ABSOLUTELY NO WARRANTY; for details type `show_warranty'.
 time 1ns
 capacitance 1pF
 resistance 1kohm
 voltage 1v
 current 1mA
 power 1nW
 distance 1um
Startpoint: cores[0].core/_09567_
            (rising edge-triggered flip-flop clocked by clk)
Endpoint: cores[0].core/_10629_ (rising edge-triggered flip-flop clocked by clk)
Path Group: clk
Path Type: max

      Delay        Time   Description
-----------------------------------------------------------------
   0.000000    0.000000   clock clk (rise edge)
   0.000000    0.000000   clock network delay (ideal)
   0.000000    0.000000 ^ cores[0].core/_09567_/CLK (sky130_fd_sc_hd__dfxtp_1)
   8.328631    8.328631 ^ cores[0].core/_09567_/Q (sky130_fd_sc_hd__dfxtp_1)
   5.150436   13.479067 v cores[0].core/_04763_/Y (sky130_fd_sc_hd__clkinv_1)
   0.729138   14.208205 ^ cores[0].core/_07560_/Y (sky130_fd_sc_hd__o21ai_0)
   0.105250   14.313455 v cores[0].core/_07561_/Y (sky130_fd_sc_hd__o22ai_1)
   0.563598   14.877053 v cores[0].core/_07565_/X (sky130_fd_sc_hd__mux4_2)
   0.181368   15.058421 ^ cores[0].core/_07573_/Y (sky130_fd_sc_hd__o211ai_1)
   0.156099   15.214520 ^ cores[0].core/_07589_/Y (sky130_fd_sc_hd__nor2b_1)
   0.082995   15.297515 v cores[0].core/_07591_/Y (sky130_fd_sc_hd__o32ai_1)
   0.000000   15.297515 v cores[0].core/_10629_/D (sky130_fd_sc_hd__edfxtp_1)
              15.297515   data arrival time

  10.000000   10.000000   clock clk (rise edge)
   0.000000   10.000000   clock network delay (ideal)
   0.000000   10.000000   clock reconvergence pessimism
              10.000000 ^ cores[0].core/_10629_/CLK (sky130_fd_sc_hd__edfxtp_1)
  -0.298671    9.701330   library setup time
               9.701330   data required time
-----------------------------------------------------------------
               9.701330   data required time
             -15.297515   data arrival time
-----------------------------------------------------------------
              -5.596185   slack (VIOLATED)


worst slack max -5.596185
EDA_LAB_REPORT_END
